// Jest Snapshot v1, https://goo.gl/fbAQLP

exports[`Message component should match snapshot 1`] = `
<div>
  <div
    class="sc-eqUAAy bPXsSD  "
  >
    <div>
      Text message
    </div>
  </div>
</div>
`;
