// Jest Snapshot v1, https://goo.gl/fbAQLP

exports[`AudioMessage component should match snapshot 1`] = `
<div>
  <div
    class="sc-dcJsrY kpHFA"
  >
    <audio
      class="sc-iGgWBj enWZaW"
      src="audio.mp3"
    />
    <button
      class="sc-aXZVg eafaH"
    >
      <svg
        fill="currentColor"
        height="1em"
        stroke="currentColor"
        stroke-width="0"
        viewBox="0 0 384 512"
        width="1em"
        xmlns="http://www.w3.org/2000/svg"
      >
        <path
          d="M73 39c-14.8-9.1-33.4-9.4-48.5-.9S0 62.6 0 80V432c0 17.4 9.4 33.4 24.5 41.9s33.7 8.1 48.5-.9L361 297c14.3-8.7 23-24.2 23-41s-8.7-32.2-23-41L73 39z"
        />
      </svg>
    </button>
    <canvas
      height="75"
      width="500"
    />
  </div>
</div>
`;
